{
  "version": "1.5.0",
  "plugins_used": [
    {
      "name": "ArtifactoryDetector"
    },
    {
      "name": "AWSKeyDetector"
    },
    {
      "name": "AzureStorageKeyDetector"
    },
    {
      "name": "Base64HighEntropyString",
      "limit": 4.5
    },
    {
      "name": "BasicAuthDetector"
    },
    {
      "name": "CloudantDetector"
    },
    {
      "name": "DiscordBotTokenDetector"
    },
    {
      "name": "GitHubTokenDetector"
    },
    {
      "name": "GitLabTokenDetector"
    },
    {
      "name": "HexHighEntropyString",
      "limit": 3.0
    },
    {
      "name": "IbmCloudIamDetector"
    },
    {
      "name": "IbmCosHmacDetector"
    },
    {
      "name": "JwtTokenDetector"
    },
    {
      "name": "KeywordDetector",
      "keyword_exclude": ""
    },
    {
      "name": "MailchimpDetector"
    },
    {
      "name": "NpmDetector"
    },
    {
      "name": "OpenAIDetector"
    },
    {
      "name": "PrivateKeyDetector"
    },
    {
      "name": "PypiTokenDetector"
    },
    {
      "name": "SendGridDetector"
    },
    {
      "name": "SlackDetector"
    },
    {
      "name": "SoftlayerDetector"
    },
    {
      "name": "SquareOAuthDetector"
    },
    {
      "name": "StripeDetector"
    },
    {
      "name": "TelegramBotTokenDetector"
    },
    {
      "name": "TwilioKeyDetector"
    }
  ],
  "filters_used": [
    {
      "path": "detect_secrets.filters.allowlist.is_line_allowlisted"
    },
    {
      "path": "detect_secrets.filters.common.is_ignored_due_to_verification_policies",
      "min_level": 2
    },
    {
      "path": "detect_secrets.filters.heuristic.is_indirect_reference"
    },
    {
      "path": "detect_secrets.filters.heuristic.is_likely_id_string"
    },
    {
      "path": "detect_secrets.filters.heuristic.is_lock_file"
    },
    {
      "path": "detect_secrets.filters.heuristic.is_not_alphanumeric_string"
    },
    {
      "path": "detect_secrets.filters.heuristic.is_potential_uuid"
    },
    {
      "path": "detect_secrets.filters.heuristic.is_prefixed_with_dollar_sign"
    },
    {
      "path": "detect_secrets.filters.heuristic.is_sequential_string"
    },
    {
      "path": "detect_secrets.filters.heuristic.is_swagger_file"
    },
    {
      "path": "detect_secrets.filters.heuristic.is_templated_secret"
    },
    {
      "path": "detect_secrets.filters.regex.should_exclude_file",
      "pattern": [
        "(^|/)(\\.git|\\.venv|\\.pytest_cache|dist|build)(/|$)",
        "^\\.secrets\\.baseline$"
      ]
    }
  ],
  "results": {
    "libreevolve/core/database.py": [
      {
        "type": "Secret Keyword",
        "filename": "libreevolve/core/database.py",
        "hashed_secret": "9aa6a95c9a6478aebbca1edc81e7e7ac31103db2",
        "is_verified": false,
        "line_number": 2901
      }
    ],
    "libreevolve/core/evaluator.py": [
      {
        "type": "Secret Keyword",
        "filename": "libreevolve/core/evaluator.py",
        "hashed_secret": "9aa6a95c9a6478aebbca1edc81e7e7ac31103db2",
        "is_verified": false,
        "line_number": 2817
      }
    ],
    "tests/core/test_evaluator.py": [
      {
        "type": "Base64 High Entropy String",
        "filename": "tests/core/test_evaluator.py",
        "hashed_secret": "934bf2e2547ef1f6d040a5012e5dd13f07f749a6",
        "is_verified": false,
        "line_number": 433
      },
      {
        "type": "Base64 High Entropy String",
        "filename": "tests/core/test_evaluator.py",
        "hashed_secret": "9c9d2fad1f7882ce6d7062c74fef6685b2bb497f",
        "is_verified": false,
        "line_number": 1847
      },
      {
        "type": "Secret Keyword",
        "filename": "tests/core/test_evaluator.py",
        "hashed_secret": "9c9d2fad1f7882ce6d7062c74fef6685b2bb497f",
        "is_verified": false,
        "line_number": 1847
      }
    ],
    "tests/core/test_jsonl.py": [
      {
        "type": "Base64 High Entropy String",
        "filename": "tests/core/test_jsonl.py",
        "hashed_secret": "581bd7c25092316b2e7aba5ff29b6cb7527a7c67",
        "is_verified": false,
        "line_number": 536
      },
      {
        "type": "Secret Keyword",
        "filename": "tests/core/test_jsonl.py",
        "hashed_secret": "581bd7c25092316b2e7aba5ff29b6cb7527a7c67",
        "is_verified": false,
        "line_number": 536
      },
      {
        "type": "Secret Keyword",
        "filename": "tests/core/test_jsonl.py",
        "hashed_secret": "c9bc7f2cfd2edbd8fb795d50043ed8cdf10326e7",
        "is_verified": false,
        "line_number": 559
      },
      {
        "type": "Secret Keyword",
        "filename": "tests/core/test_jsonl.py",
        "hashed_secret": "4766cbc33189c662251be2f10b4b992e51112dcc",
        "is_verified": false,
        "line_number": 589
      },
      {
        "type": "Secret Keyword",
        "filename": "tests/core/test_jsonl.py",
        "hashed_secret": "679a7f8ee675603186ec88614c22e25b76827e19",
        "is_verified": false,
        "line_number": 615
      },
      {
        "type": "Base64 High Entropy String",
        "filename": "tests/core/test_jsonl.py",
        "hashed_secret": "68a79baa4d9f4285c2cb5ed1d301bc75f6adbb80",
        "is_verified": false,
        "line_number": 636
      },
      {
        "type": "Base64 High Entropy String",
        "filename": "tests/core/test_jsonl.py",
        "hashed_secret": "98023af953734847e6a941d8be982838178e348d",
        "is_verified": false,
        "line_number": 656
      }
    ],
    "tests/core/test_loader.py": [
      {
        "type": "Base64 High Entropy String",
        "filename": "tests/core/test_loader.py",
        "hashed_secret": "e53038d15bd6765e75df4a526c90e6f911492679",
        "is_verified": false,
        "line_number": 440
      },
      {
        "type": "Secret Keyword",
        "filename": "tests/core/test_loader.py",
        "hashed_secret": "e53038d15bd6765e75df4a526c90e6f911492679",
        "is_verified": false,
        "line_number": 440
      }
    ],
    "tests/core/test_redaction.py": [
      {
        "type": "Base64 High Entropy String",
        "filename": "tests/core/test_redaction.py",
        "hashed_secret": "18fdf21db6a592dac66e4bcefad19d6b8d0428f4",
        "is_verified": false,
        "line_number": 10
      },
      {
        "type": "Base64 High Entropy String",
        "filename": "tests/core/test_redaction.py",
        "hashed_secret": "54a52036fe3865dec32e2dd3306b2bac21100706",
        "is_verified": false,
        "line_number": 45
      },
      {
        "type": "Basic Auth Credentials",
        "filename": "tests/core/test_redaction.py",
        "hashed_secret": "a761ce3a45d97e41840a788495e85a70d1bb3815",
        "is_verified": false,
        "line_number": 85
      },
      {
        "type": "Base64 High Entropy String",
        "filename": "tests/core/test_redaction.py",
        "hashed_secret": "14f6a7e3e5e13e0963e7baf55621ed41be16cf48",
        "is_verified": false,
        "line_number": 97
      },
      {
        "type": "Base64 High Entropy String",
        "filename": "tests/core/test_redaction.py",
        "hashed_secret": "9c9d2fad1f7882ce6d7062c74fef6685b2bb497f",
        "is_verified": false,
        "line_number": 124
      },
      {
        "type": "Base64 High Entropy String",
        "filename": "tests/core/test_redaction.py",
        "hashed_secret": "94aa1800131a3019b26b317536a1ff3f702722d4",
        "is_verified": false,
        "line_number": 125
      },
      {
        "type": "Secret Keyword",
        "filename": "tests/core/test_redaction.py",
        "hashed_secret": "dbdab9be92cacdae6a97e8601332bfaa8545800f",
        "is_verified": false,
        "line_number": 131
      },
      {
        "type": "Secret Keyword",
        "filename": "tests/core/test_redaction.py",
        "hashed_secret": "0c3507615b74c96ccaf68e0a32336ed169253511",
        "is_verified": false,
        "line_number": 143
      },
      {
        "type": "Secret Keyword",
        "filename": "tests/core/test_redaction.py",
        "hashed_secret": "431e6f1f5ce3ce767336ec0ce3193640bfef9a9f",
        "is_verified": false,
        "line_number": 144
      }
    ],
    "tests/population/test_database.py": [
      {
        "type": "Base64 High Entropy String",
        "filename": "tests/population/test_database.py",
        "hashed_secret": "8e6282e63e0f422d3d6c5336b6b7e4d97bb1b37f",
        "is_verified": false,
        "line_number": 955
      },
      {
        "type": "Base64 High Entropy String",
        "filename": "tests/population/test_database.py",
        "hashed_secret": "7e634f2e8cbddf340740ee856bf272aaa6d6d770",
        "is_verified": false,
        "line_number": 1453
      },
      {
        "type": "Base64 High Entropy String",
        "filename": "tests/population/test_database.py",
        "hashed_secret": "e6aa9dc072fcb9dbe42761f25c976143c39d3deb",
        "is_verified": false,
        "line_number": 1500
      },
      {
        "type": "Base64 High Entropy String",
        "filename": "tests/population/test_database.py",
        "hashed_secret": "cf561bae55c48b9bc2768c548f33ab2dc2e52c3e",
        "is_verified": false,
        "line_number": 1501
      },
      {
        "type": "Base64 High Entropy String",
        "filename": "tests/population/test_database.py",
        "hashed_secret": "733bd6a8c3552ad67d555d6ea6df143f926d2e71",
        "is_verified": false,
        "line_number": 1503
      },
      {
        "type": "Base64 High Entropy String",
        "filename": "tests/population/test_database.py",
        "hashed_secret": "b8f741aa3c65626045fd3cbddc5b6bda9ae9bb52",
        "is_verified": false,
        "line_number": 1504
      },
      {
        "type": "Base64 High Entropy String",
        "filename": "tests/population/test_database.py",
        "hashed_secret": "0d2c3869a4a155766235e8de881e36d07cbc6f7e",
        "is_verified": false,
        "line_number": 2309
      },
      {
        "type": "Secret Keyword",
        "filename": "tests/population/test_database.py",
        "hashed_secret": "0d2c3869a4a155766235e8de881e36d07cbc6f7e",
        "is_verified": false,
        "line_number": 2309
      }
    ],
    "tests/population/test_program.py": [
      {
        "type": "Base64 High Entropy String",
        "filename": "tests/population/test_program.py",
        "hashed_secret": "18fdf21db6a592dac66e4bcefad19d6b8d0428f4",
        "is_verified": false,
        "line_number": 179
      },
      {
        "type": "Secret Keyword",
        "filename": "tests/population/test_program.py",
        "hashed_secret": "7ce6ed3727ece51d2219f2bdc7f6db3594dc4d7f",
        "is_verified": false,
        "line_number": 179
      }
    ]
  },
  "generated_at": "2026-09-08T09:08:17Z"
}
